// Jest Snapshot v1, https://goo.gl/fbAQLP

exports[`renders without error 1`] = `
<div>
  <nav>
    <ul
      className="header"
    >
      <li>
        <a
          href="/"
          onClick={[Function]}
          onMouseEnter={[Function]}
        >
          Home
        </a>
      </li>
      <li>
        <a
          href="/Products"
          onClick={[Function]}
          onMouseEnter={[Function]}
        >
          Products
        </a>
      </li>
      <li>
        <a
          href="/Continents"
          onClick={[Function]}
          onMouseEnter={[Function]}
        >
          Continents
        </a>
      </li>
      <li>
        <a
          href="/Spacex"
          onClick={[Function]}
          onMouseEnter={[Function]}
        >
          Space travels
        </a>
      </li>
      <li>
        <a
          href="/About"
          onClick={[Function]}
          onMouseEnter={[Function]}
        >
          CV
        </a>
      </li>
      <li>
        <a
          href="/Contact"
          onClick={[Function]}
          onMouseEnter={[Function]}
        >
          Contact
        </a>
      </li>
    </ul>
  </nav>
  <div
    className="container"
  >
    <main
      className="main"
    >
      <h1
        className="title"
      >
        All Continents
      </h1>
      <p
        className="description"
      >
        Continents
      </p>
      <div
        className="grid"
      >
        <a
          className="card"
        >
          <h3 />
          <h5>
            Code: 
          </h5>
        </a>
      </div>
    </main>
  </div>
</div>
`;
